\BOOKMARK [0][-]{chapter*.7}{\376\377\000R\000\351\000s\000u\000m\000\351\000\040\000d\000e\000\040\000T\000h\000\350\000s\000e}{}% 1
\BOOKMARK [0][-]{chapter*.25}{\376\377\000I\000n\000t\000r\000o\000d\000u\000c\000t\000i\000o\000n}{}% 2
\BOOKMARK [0][-]{chapter.1}{\376\377\000T\000h\000e\000o\000r\000y\000\040\000a\000n\000d\000\040\000M\000e\000t\000h\000o\000d\000o\000l\000o\000g\000y}{}% 3
\BOOKMARK [1][-]{section.1.1}{\376\377\000M\000o\000d\000e\000l\000\040\000H\000a\000m\000i\000l\000t\000o\000n\000i\000a\000n}{chapter.1}% 4
\BOOKMARK [2][-]{subsection.1.1.1}{\376\377\000I\000s\000o\000t\000r\000o\000p\000i\000c\000\040\000H\000a\000m\000i\000l\000t\000o\000n\000i\000a\000n}{section.1.1}% 5
\BOOKMARK [2][-]{subsection.1.1.2}{\376\377\000M\000a\000g\000n\000e\000t\000i\000c\000\040\000a\000n\000i\000s\000o\000t\000r\000o\000p\000y\000\040\000i\000n\000\040\000m\000o\000n\000o\000n\000u\000c\000l\000e\000a\000r\000\040\000c\000o\000m\000p\000l\000e\000x\000e\000s}{section.1.1}% 6
\BOOKMARK [2][-]{subsection.1.1.3}{\376\377\000M\000a\000g\000n\000e\000t\000i\000c\000\040\000a\000n\000i\000s\000o\000t\000r\000o\000p\000y\000\040\000i\000n\000\040\000p\000o\000l\000y\000n\000u\000c\000l\000e\000a\000r\000\040\000c\000o\000m\000p\000l\000e\000x\000e\000s}{section.1.1}% 7
\BOOKMARK [1][-]{section.1.2}{\376\377\000M\000e\000t\000h\000o\000d\000o\000l\000o\000g\000y}{chapter.1}% 8
\BOOKMARK [2][-]{subsection.1.2.1}{\376\377\000H\000a\000r\000t\000r\000e\000e\000-\000F\000o\000c\000k\000\040\000M\000e\000t\000h\000o\000d}{section.1.2}% 9
\BOOKMARK [2][-]{subsection.1.2.2}{\376\377\000C\000o\000n\000f\000i\000g\000u\000r\000a\000t\000i\000o\000n\000\040\000I\000n\000t\000e\000r\000a\000c\000t\000i\000o\000n}{section.1.2}% 10
\BOOKMARK [2][-]{subsection.1.2.3}{\376\377\000C\000o\000m\000p\000l\000e\000t\000e\000\040\000A\000c\000t\000i\000v\000e\000\040\000S\000p\000a\000c\000e\000\040\000S\000e\000l\000f\000\040\000C\000o\000n\000s\000i\000s\000t\000e\000n\000t\000\040\000F\000i\000e\000l\000d}{section.1.2}% 11
\BOOKMARK [2][-]{subsection.1.2.4}{\376\377\000P\000e\000r\000t\000u\000r\000b\000a\000t\000i\000o\000n\000\040\000T\000h\000e\000o\000r\000y}{section.1.2}% 12
\BOOKMARK [2][-]{subsection.1.2.5}{\376\377\000D\000i\000f\000f\000e\000r\000e\000n\000c\000e\000\040\000d\000e\000d\000i\000c\000a\000t\000e\000d\000\040\000c\000o\000n\000f\000i\000g\000u\000r\000a\000t\000i\000o\000n\000a\000l\000\040\000i\000n\000t\000e\000r\000a\000c\000t\000i\000o\000n}{section.1.2}% 13
\BOOKMARK [2][-]{subsection.1.2.6}{\376\377\000D\000e\000n\000s\000i\000t\000y\000\040\000f\000u\000n\000c\000t\000i\000o\000n\000a\000l\000\040\000t\000h\000e\000o\000r\000y}{section.1.2}% 14
\BOOKMARK [2][-]{subsection.1.2.7}{\376\377\000I\000n\000c\000l\000u\000s\000i\000o\000n\000\040\000o\000f\000\040\000S\000p\000i\000n\000-\000O\000r\000b\000i\000t\000\040\000e\000f\000f\000e\000c\000t\000s}{section.1.2}% 15
\BOOKMARK [2][-]{subsection.1.2.8}{\376\377\000E\000m\000b\000e\000d\000d\000e\000d\000\040\000C\000l\000u\000s\000t\000e\000r\000\040\000M\000e\000t\000h\000o\000d}{section.1.2}% 16
\BOOKMARK [2][-]{subsection.1.2.9}{\376\377\000E\000f\000f\000e\000c\000t\000i\000v\000e\000\040\000H\000a\000m\000i\000l\000t\000o\000n\000i\000a\000n\000\040\000T\000h\000e\000o\000r\000y}{section.1.2}% 17
\BOOKMARK [0][-]{chapter.2}{\376\377\000S\000t\000u\000d\000y\000\040\000o\000f\000\040\000t\000h\000e\000\040\000m\000a\000g\000n\000e\000t\000i\000c\000\040\000a\000n\000i\000s\000o\000t\000r\000o\000p\000y\000\040\000i\000n\000\040\000m\000o\000n\000o\000n\000u\000c\000l\000e\000a\000r\000\040\000c\000o\000m\000p\000l\000e\000x\000e\000s}{}% 18
\BOOKMARK [1][-]{section.2.1}{\376\377\000F\000i\000r\000s\000t\000-\000O\000r\000d\000e\000r\000\040\000S\000p\000i\000n\000-\000O\000r\000b\000i\000t\000\040\000C\000o\000u\000p\000l\000i\000n\000g}{chapter.2}% 19
\BOOKMARK [1][-]{section.2.2}{\376\377\000I\000m\000p\000a\000c\000t\000\040\000o\000f\000\040\000t\000h\000e\000\040\000E\000l\000e\000c\000t\000r\000i\000c\000\040\000f\000i\000e\000l\000d\000\040\000o\000n\000\040\000t\000h\000e\000\040\000Z\000F\000S\000\040\000p\000a\000r\000a\000m\000e\000t\000e\000r\000s}{chapter.2}% 20
\BOOKMARK [2][-]{subsection.2.2.1}{\376\377\000C\000o\000m\000p\000u\000t\000a\000t\000i\000o\000n\000a\000l\000\040\000I\000n\000f\000o\000r\000m\000a\000t\000i\000o\000n\000s}{section.2.2}% 21
\BOOKMARK [2][-]{subsection.2.2.2}{\376\377\000A\000p\000p\000l\000i\000c\000a\000t\000i\000o\000n\000\040\000o\000f\000\040\000t\000h\000e\000\040\000e\000l\000e\000c\000t\000r\000i\000c\000\040\000f\000i\000e\000l\000d\000\040\000a\000l\000o\000n\000g\000\040\000t\000h\000e\000\040\000Z\000\040\000a\000x\000i\000s}{section.2.2}% 22
\BOOKMARK [2][-]{subsection.2.2.3}{\376\377\000A\000p\000p\000l\000i\000c\000a\000t\000i\000o\000n\000\040\000o\000f\000\040\000t\000h\000e\000\040\000e\000l\000e\000c\000t\000r\000i\000c\000\040\000f\000i\000e\000l\000d\000\040\000a\000l\000o\000n\000g\000\040\000t\000h\000e\000\040\000Y\000\040\000a\000x\000i\000s}{section.2.2}% 23
\BOOKMARK [2][-]{subsection.2.2.4}{\376\377\000C\000o\000n\000c\000l\000u\000s\000i\000o\000n}{section.2.2}% 24
\BOOKMARK [0][-]{chapter.3}{\376\377\000E\000l\000e\000c\000t\000r\000i\000c\000\040\000f\000i\000e\000l\000d\000\040\000o\000n\000\040\000E\000x\000c\000h\000a\000n\000g\000e\000\040\000a\000n\000i\000s\000o\000t\000r\000o\000p\000y}{}% 25
\BOOKMARK [1][-]{section.3.1}{\376\377\000C\000o\000m\000p\000u\000t\000a\000t\000i\000o\000n\000a\000l\000\040\000I\000n\000f\000o\000r\000m\000a\000t\000i\000o\000n\000s}{chapter.3}% 26
\BOOKMARK [1][-]{section.3.2}{\376\377\000T\000h\000e\000o\000r\000e\000t\000i\000c\000a\000l\000\040\000m\000o\000d\000e\000l}{chapter.3}% 27
\BOOKMARK [1][-]{section.3.3}{\376\377\000I\000m\000p\000a\000c\000t\000\040\000o\000f\000\040\000F\000i\000r\000s\000t\000-\000O\000r\000d\000e\000r\000\040\000S\000p\000i\000n\000-\000O\000r\000b\000i\000t\000\040\000C\000o\000u\000p\000l\000i\000n\000g\000\040\000i\000n\000\040\000t\000h\000e\000\040\000a\000b\000s\000e\000n\000c\000e\000\040\000o\000f\000\040\000e\000l\000e\000c\000t\000r\000i\000c\000\040\000f\000i\000e\000l\000d}{chapter.3}% 28
\BOOKMARK [1][-]{section.3.4}{\376\377\000I\000m\000p\000a\000c\000t\000\040\000o\000f\000\040\000t\000h\000e\000\040\000e\000l\000e\000c\000t\000r\000i\000c\000\040\000f\000i\000e\000l\000d\000\040\000o\000n\000\040\000t\000h\000e\000\040\000s\000y\000m\000m\000e\000t\000r\000i\000c\000\040\000a\000n\000i\000s\000o\000t\000r\000o\000p\000i\000c\000\040\000e\000x\000c\000h\000a\000n\000g\000e\000\040\000p\000a\000r\000a\000m\000e\000t\000e\000r}{chapter.3}% 29
\BOOKMARK [1][-]{section.3.5}{\376\377\000C\000o\000n\000c\000l\000u\000s\000i\000o\000n}{chapter.3}% 30
\BOOKMARK [0][-]{chapter.4}{\376\377\000H\000e\000r\000b\000e\000r\000t\000s\000m\000i\000t\000h\000i\000t\000e}{}% 31
\BOOKMARK [1][-]{section.4.1}{\376\377\000C\000o\000m\000p\000u\000t\000a\000t\000i\000o\000n\000a\000l\000\040\000I\000n\000f\000o\000r\000m\000a\000t\000i\000o\000n\000s}{chapter.4}% 32
\BOOKMARK [1][-]{section.4.2}{\376\377\000D\000e\000n\000s\000i\000t\000y\000-\000F\000u\000n\000c\000t\000i\000o\000n\000a\000l\000\040\000T\000h\000e\000o\000r\000y\000\040\000s\000t\000u\000d\000y}{chapter.4}% 33
\BOOKMARK [2][-]{subsection.4.2.1}{\376\377\000I\000n\000-\000p\000l\000a\000n\000e\000\040\000c\000o\000u\000p\000l\000i\000n\000g\000s}{section.4.2}% 34
\BOOKMARK [2][-]{subsection.4.2.2}{\376\377\000O\000u\000t\000-\000o\000f\000-\000p\000l\000a\000n\000e\000\040\000c\000o\000u\000p\000l\000i\000n\000g}{section.4.2}% 35
\BOOKMARK [1][-]{section.4.3}{\376\377\000W\000a\000v\000e\000-\000F\000u\000n\000c\000t\000i\000o\000n\000\040\000T\000h\000e\000o\000r\000y\000\040\000s\000t\000u\000d\000y}{chapter.4}% 36
\BOOKMARK [2][-]{subsection.4.3.1}{\376\377\000I\000s\000o\000t\000r\000o\000p\000i\000c\000\040\000C\000o\000u\000p\000l\000i\000n\000g}{section.4.3}% 37
\BOOKMARK [2][-]{subsection.4.3.2}{\376\377\000A\000n\000i\000s\000o\000t\000r\000o\000p\000i\000c\000\040\000i\000n\000t\000e\000r\000a\000c\000t\000i\000o\000n\000s}{section.4.3}% 38
\BOOKMARK [1][-]{section.4.4}{\376\377\000C\000o\000n\000c\000l\000u\000s\000i\000o\000n}{chapter.4}% 39
\BOOKMARK [0][-]{chapter*.83}{\376\377\000C\000o\000n\000c\000l\000u\000s\000i\000o\000n}{}% 40
